
Discarded input sections

 .text          0x00000000        0x0 ..\obj\system_stm32f10x.o
 .data          0x00000000       0x14 ..\obj\system_stm32f10x.o
 .bss           0x00000000        0x0 ..\obj\system_stm32f10x.o
 .text.SystemCoreClockUpdate
                0x00000000       0xd8 ..\obj\system_stm32f10x.o
 .text          0x00000000        0x0 ..\obj\startup_stm32f10x_md.o
 .data          0x00000000        0x0 ..\obj\startup_stm32f10x_md.o
 .bss           0x00000000        0x0 ..\obj\startup_stm32f10x_md.o
 .text          0x00000000        0x0 ..\obj\stm32f10x_gpio.o
 .data          0x00000000        0x0 ..\obj\stm32f10x_gpio.o
 .bss           0x00000000        0x0 ..\obj\stm32f10x_gpio.o
 .text.GPIO_DeInit
                0x00000000       0xe4 ..\obj\stm32f10x_gpio.o
 .text.GPIO_AFIODeInit
                0x00000000       0x18 ..\obj\stm32f10x_gpio.o
 .text.GPIO_StructInit
                0x00000000       0x28 ..\obj\stm32f10x_gpio.o
 .text.GPIO_ReadInputData
                0x00000000       0x1c ..\obj\stm32f10x_gpio.o
 .text.GPIO_ReadOutputDataBit
                0x00000000       0x34 ..\obj\stm32f10x_gpio.o
 .text.GPIO_ReadOutputData
                0x00000000       0x1c ..\obj\stm32f10x_gpio.o
 .text.GPIO_SetBits
                0x00000000       0x1c ..\obj\stm32f10x_gpio.o
 .text.GPIO_ResetBits
                0x00000000       0x1c ..\obj\stm32f10x_gpio.o
 .text.GPIO_Write
                0x00000000       0x1c ..\obj\stm32f10x_gpio.o
 .text.GPIO_PinLockConfig
                0x00000000       0x44 ..\obj\stm32f10x_gpio.o
 .text.GPIO_EventOutputConfig
                0x00000000       0x48 ..\obj\stm32f10x_gpio.o
 .text.GPIO_EventOutputCmd
                0x00000000       0x20 ..\obj\stm32f10x_gpio.o
 .text.GPIO_PinRemapConfig
                0x00000000       0xe0 ..\obj\stm32f10x_gpio.o
 .text.GPIO_EXTILineConfig
                0x00000000       0x7c ..\obj\stm32f10x_gpio.o
 .text.GPIO_ETH_MediaInterfaceConfig
                0x00000000       0x1c ..\obj\stm32f10x_gpio.o
 .text          0x00000000        0x0 ..\obj\main.o
 .text          0x00000000        0x0 ..\obj\stm32f10x_rcc.o
 .data          0x00000000       0x14 ..\obj\stm32f10x_rcc.o
 .bss           0x00000000        0x0 ..\obj\stm32f10x_rcc.o
 .text.RCC_DeInit
                0x00000000       0x5c ..\obj\stm32f10x_rcc.o
 .text.RCC_HSEConfig
                0x00000000       0x5c ..\obj\stm32f10x_rcc.o
 .text.RCC_WaitForHSEStartUp
                0x00000000       0x50 ..\obj\stm32f10x_rcc.o
 .text.RCC_AdjustHSICalibrationValue
                0x00000000       0x3c ..\obj\stm32f10x_rcc.o
 .text.RCC_HSICmd
                0x00000000       0x20 ..\obj\stm32f10x_rcc.o
 .text.RCC_PLLConfig
                0x00000000       0x3c ..\obj\stm32f10x_rcc.o
 .text.RCC_PLLCmd
                0x00000000       0x20 ..\obj\stm32f10x_rcc.o
 .text.RCC_SYSCLKConfig
                0x00000000       0x38 ..\obj\stm32f10x_rcc.o
 .text.RCC_GetSYSCLKSource
                0x00000000       0x20 ..\obj\stm32f10x_rcc.o
 .text.RCC_HCLKConfig
                0x00000000       0x38 ..\obj\stm32f10x_rcc.o
 .text.RCC_PCLK1Config
                0x00000000       0x38 ..\obj\stm32f10x_rcc.o
 .text.RCC_PCLK2Config
                0x00000000       0x38 ..\obj\stm32f10x_rcc.o
 .text.RCC_ITConfig
                0x00000000       0x48 ..\obj\stm32f10x_rcc.o
 .text.RCC_USBCLKConfig
                0x00000000       0x1c ..\obj\stm32f10x_rcc.o
 .text.RCC_ADCCLKConfig
                0x00000000       0x38 ..\obj\stm32f10x_rcc.o
 .text.RCC_LSEConfig
                0x00000000       0x40 ..\obj\stm32f10x_rcc.o
 .text.RCC_LSICmd
                0x00000000       0x20 ..\obj\stm32f10x_rcc.o
 .text.RCC_RTCCLKConfig
                0x00000000       0x24 ..\obj\stm32f10x_rcc.o
 .text.RCC_RTCCLKCmd
                0x00000000       0x20 ..\obj\stm32f10x_rcc.o
 .text.RCC_GetClocksFreq
                0x00000000      0x164 ..\obj\stm32f10x_rcc.o
 .text.RCC_AHBPeriphClockCmd
                0x00000000       0x3c ..\obj\stm32f10x_rcc.o
 .text.RCC_APB1PeriphClockCmd
                0x00000000       0x3c ..\obj\stm32f10x_rcc.o
 .text.RCC_APB2PeriphResetCmd
                0x00000000       0x3c ..\obj\stm32f10x_rcc.o
 .text.RCC_APB1PeriphResetCmd
                0x00000000       0x3c ..\obj\stm32f10x_rcc.o
 .text.RCC_BackupResetCmd
                0x00000000       0x20 ..\obj\stm32f10x_rcc.o
 .text.RCC_ClockSecuritySystemCmd
                0x00000000       0x20 ..\obj\stm32f10x_rcc.o
 .text.RCC_MCOConfig
                0x00000000       0x20 ..\obj\stm32f10x_rcc.o
 .text.RCC_GetFlagStatus
                0x00000000       0x74 ..\obj\stm32f10x_rcc.o
 .text.RCC_ClearFlag
                0x00000000       0x1c ..\obj\stm32f10x_rcc.o
 .text.RCC_GetITStatus
                0x00000000       0x38 ..\obj\stm32f10x_rcc.o
 .text.RCC_ClearITPendingBit
                0x00000000       0x20 ..\obj\stm32f10x_rcc.o

Memory Configuration

Name             Origin             Length             Attributes
rom              0x08000000         0x00010000         xr
ram              0x20000000         0x00005000         xrw
*default*        0x00000000         0xffffffff

Linker script and memory map

                0x20005000                _eram = 0x20005000

.text           0x08000000      0x5c0
 *(.isr_vector)
 .isr_vector    0x08000000      0x10c ..\obj\startup_stm32f10x_md.o
                0x08000000                g_pfnVectors
 *(.text*)
 .text.SystemInit
                0x0800010c       0x68 ..\obj\system_stm32f10x.o
                0x0800010c                SystemInit
 .text.SetSysClock
                0x08000174        0xc ..\obj\system_stm32f10x.o
 .text.SetSysClockTo72
                0x08000180      0x100 ..\obj\system_stm32f10x.o
 .text.Default_Reset_Handler
                0x08000280       0x60 ..\obj\startup_stm32f10x_md.o
                0x08000280                Default_Reset_Handler
                0x08000280                Reset_Handler
 .text.Default_Handler
                0x080002e0        0x8 ..\obj\startup_stm32f10x_md.o
                0x080002e0                EXTI2_IRQHandler
                0x080002e0                DebugMon_Handler
                0x080002e0                TIM1_CC_IRQHandler
                0x080002e0                HardFault_Handler
                0x080002e0                SysTick_Handler
                0x080002e0                PVD_IRQHandler
                0x080002e0                PendSV_Handler
                0x080002e0                NMI_Handler
                0x080002e0                EXTI3_IRQHandler
                0x080002e0                EXTI0_IRQHandler
                0x080002e0                I2C2_EV_IRQHandler
                0x080002e0                UsageFault_Handler
                0x080002e0                ADC1_2_IRQHandler
                0x080002e0                SPI1_IRQHandler
                0x080002e0                TAMPER_IRQHandler
                0x080002e0                DMA1_Channel4_IRQHandler
                0x080002e0                USART3_IRQHandler
                0x080002e0                RTC_IRQHandler
                0x080002e0                DMA1_Channel7_IRQHandler
                0x080002e0                CAN1_RX1_IRQHandler
                0x080002e0                TIM4_IRQHandler
                0x080002e0                I2C1_EV_IRQHandler
                0x080002e0                DMA1_Channel6_IRQHandler
                0x080002e0                TIM3_IRQHandler
                0x080002e0                RCC_IRQHandler
                0x080002e0                TIM1_TRG_COM_IRQHandler
                0x080002e0                DMA1_Channel1_IRQHandler
                0x080002e0                EXTI15_10_IRQHandler
                0x080002e0                EXTI9_5_IRQHandler
                0x080002e0                SPI2_IRQHandler
                0x080002e0                MemManage_Handler
                0x080002e0                SVC_Handler
                0x080002e0                DMA1_Channel5_IRQHandler
                0x080002e0                EXTI4_IRQHandler
                0x080002e0                USB_LP_CAN1_RX0_IRQHandler
                0x080002e0                USB_HP_CAN1_TX_IRQHandler
                0x080002e0                DMA1_Channel3_IRQHandler
                0x080002e0                TIM1_UP_IRQHandler
                0x080002e0                WWDG_IRQHandler
                0x080002e0                TIM2_IRQHandler
                0x080002e0                TIM1_BRK_IRQHandler
                0x080002e0                EXTI1_IRQHandler
                0x080002e0                RTCAlarm_IRQHandler
                0x080002e0                USART2_IRQHandler
                0x080002e0                I2C2_ER_IRQHandler
                0x080002e0                DMA1_Channel2_IRQHandler
                0x080002e0                CAN1_SCE_IRQHandler
                0x080002e0                FLASH_IRQHandler
                0x080002e0                BusFault_Handler
                0x080002e0                USART1_IRQHandler
                0x080002e0                I2C1_ER_IRQHandler
                0x080002e0                USBWakeUp_IRQHandler
 .text.GPIO_Init
                0x080002e8      0x178 ..\obj\stm32f10x_gpio.o
                0x080002e8                GPIO_Init
 .text.GPIO_ReadInputDataBit
                0x08000460       0x34 ..\obj\stm32f10x_gpio.o
                0x08000460                GPIO_ReadInputDataBit
 .text.GPIO_WriteBit
                0x08000494       0x30 ..\obj\stm32f10x_gpio.o
                0x08000494                GPIO_WriteBit
 .text.init_gpio
                0x080004c4       0x40 ..\obj\main.o
                0x080004c4                init_gpio
 .text.togle_led
                0x08000504       0x3c ..\obj\main.o
                0x08000504                togle_led
 .text.main     0x08000540       0x44 ..\obj\main.o
                0x08000540                main
 .text.RCC_APB2PeriphClockCmd
                0x08000584       0x3c ..\obj\stm32f10x_rcc.o
                0x08000584                RCC_APB2PeriphClockCmd
 *(.init)
 *(.fini)
 *crtbegin.o(.ctors)
 *crtbegin?.o(.ctors)
 *(EXCLUDE_FILE(*crtend.o *crtend?.o) .ctors)
 *(SORT(.ctors.*))
 *(.ctors)
 *crtbegin.o(.dtors)
 *crtbegin?.o(.dtors)
 *(EXCLUDE_FILE(*crtend.o *crtend?.o) .dtors)
 *(SORT(.dtors.*))
 *(.dtors)
 *(.rodata*)
 *(.eh_fram e*)

.glue_7         0x080005c0        0x0
 .glue_7        0x00000000        0x0 linker stubs

.glue_7t        0x080005c0        0x0
 .glue_7t       0x00000000        0x0 linker stubs

.vfp11_veneer   0x080005c0        0x0
 .vfp11_veneer  0x00000000        0x0 linker stubs

.v4_bx          0x080005c0        0x0
 .v4_bx         0x00000000        0x0 linker stubs

.iplt           0x080005c0        0x0
 .iplt          0x00000000        0x0 ..\obj\system_stm32f10x.o

.rel.dyn        0x080005c0        0x0
 .rel.iplt      0x00000000        0x0 ..\obj\system_stm32f10x.o

.ARM.extab
 *(.ARM.extab* .gnu.linkonce.armextab.*)
                0x080005c0                __exidx_start = .

.ARM.exidx
 *(.ARM.exidx* .gnu.linkonce.armexidx.*)
                0x080005c0                __exidx_end = .
                0x080005c0                __etext = .
                0x080005c0                _sidata = __etext

.data           0x20000000        0x4 load address 0x080005c0
                0x20000000                __data_start__ = .
                0x20000000                _sdata = __data_start__
 *(vtable)
 *(.data*)
 .data          0x20000000        0x1 ..\obj\main.o
                0x20000000                state
                0x20000004                . = ALIGN (0x4)
 *fill*         0x20000001        0x3 
                0x20000004                PROVIDE (__preinit_array_start, .)
 *(.preinit_array)
                0x20000004                PROVIDE (__preinit_array_end, .)
                0x20000004                . = ALIGN (0x4)
                0x20000004                PROVIDE (__init_array_start, .)
 *(SORT(.init_array.*))
 *(.init_array)
                0x20000004                PROVIDE (__init_array_end, .)
                0x20000004                . = ALIGN (0x4)
                0x20000004                PROVIDE (__fini_array_start, .)
 *(SORT(.fini_array.*))
 *(.fini_array)
                0x20000004                PROVIDE (__fini_array_end, .)
 *(.jcr*)
                0x20000004                . = ALIGN (0x4)
                0x20000004                __data_end__ = .
                0x20000004                _edata = __data_end__

.igot.plt       0x20000004        0x0 load address 0x080005c4
 .igot.plt      0x00000000        0x0 ..\obj\system_stm32f10x.o

.bss            0x20000004        0x4 load address 0x080005c4
                0x20000004                . = ALIGN (0x4)
                0x20000004                __bss_start__ = .
                0x20000004                _sbss = __bss_start__
 *(.bss*)
 .bss           0x20000004        0x2 ..\obj\main.o
                0x20000004                data_read1
                0x20000005                data_read2
 *(COMMON)
                0x20000008                . = ALIGN (0x4)
 *fill*         0x20000006        0x2 
                0x20000008                __bss_end__ = .
                0x20000008                _ebss = __bss_end__

.heap           0x20000008        0x0
                0x20000008                __end__ = .
                0x20000008                _end = __end__
                0x20000008                end = __end__
 *(.heap*)
                0x20000008                __HeapLimit = .

.co_stack       0x20000008      0x400 load address 0x080005c8
                0x20000008                . = ALIGN (0x8)
 *(.co_stack .co_stack.*)
 .co_stack      0x20000008      0x400 ..\obj\startup_stm32f10x_md.o
                0x20000008                pulStack
                0x20005000                __StackTop = (ORIGIN (ram) + 0x5000)
                0x20004c00                __StackLimit = (__StackTop - SIZEOF (.co_stack))
                0x20005000                PROVIDE (__stack, __StackTop)
                0x00000001                ASSERT ((__StackLimit >= __HeapLimit), region ram  overflowed with stack)
LOAD ..\obj\system_stm32f10x.o
LOAD ..\obj\startup_stm32f10x_md.o
LOAD ..\obj\stm32f10x_gpio.o
LOAD ..\obj\main.o
LOAD ..\obj\stm32f10x_rcc.o
START GROUP
LOAD c:/program files (x86)/gnu tools arm embedded/4.8 2014q2/bin/../lib/gcc/arm-none-eabi/4.8.4/armv7-m\libgcc.a
LOAD c:/program files (x86)/gnu tools arm embedded/4.8 2014q2/bin/../lib/gcc/arm-none-eabi/4.8.4/../../../../arm-none-eabi/lib/armv7-m\libg.a
LOAD c:/program files (x86)/gnu tools arm embedded/4.8 2014q2/bin/../lib/gcc/arm-none-eabi/4.8.4/../../../../arm-none-eabi/lib/armv7-m\libc.a
END GROUP
OUTPUT(gpio_input.elf elf32-littlearm)

.debug_info     0x00000000     0x179b
 .debug_info    0x00000000      0x479 ..\obj\system_stm32f10x.o
 .debug_info    0x00000479       0xe9 ..\obj\startup_stm32f10x_md.o
 .debug_info    0x00000562      0x6e7 ..\obj\stm32f10x_gpio.o
 .debug_info    0x00000c49      0x2c5 ..\obj\main.o
 .debug_info    0x00000f0e      0x88d ..\obj\stm32f10x_rcc.o

.debug_abbrev   0x00000000      0x6ae
 .debug_abbrev  0x00000000      0x14c ..\obj\system_stm32f10x.o
 .debug_abbrev  0x0000014c       0xa7 ..\obj\startup_stm32f10x_md.o
 .debug_abbrev  0x000001f3      0x1c8 ..\obj\stm32f10x_gpio.o
 .debug_abbrev  0x000003bb      0x139 ..\obj\main.o
 .debug_abbrev  0x000004f4      0x1ba ..\obj\stm32f10x_rcc.o

.debug_aranges  0x00000000      0x250
 .debug_aranges
                0x00000000       0x38 ..\obj\system_stm32f10x.o
 .debug_aranges
                0x00000038       0x28 ..\obj\startup_stm32f10x_md.o
 .debug_aranges
                0x00000060       0xa8 ..\obj\stm32f10x_gpio.o
 .debug_aranges
                0x00000108       0x30 ..\obj\main.o
 .debug_aranges
                0x00000138      0x118 ..\obj\stm32f10x_rcc.o

.debug_ranges   0x00000000      0x200
 .debug_ranges  0x00000000       0x28 ..\obj\system_stm32f10x.o
 .debug_ranges  0x00000028       0x18 ..\obj\startup_stm32f10x_md.o
 .debug_ranges  0x00000040       0x98 ..\obj\stm32f10x_gpio.o
 .debug_ranges  0x000000d8       0x20 ..\obj\main.o
 .debug_ranges  0x000000f8      0x108 ..\obj\stm32f10x_rcc.o

.debug_line     0x00000000      0xd3a
 .debug_line    0x00000000      0x214 ..\obj\system_stm32f10x.o
 .debug_line    0x00000214       0xa4 ..\obj\startup_stm32f10x_md.o
 .debug_line    0x000002b8      0x3af ..\obj\stm32f10x_gpio.o
 .debug_line    0x00000667      0x216 ..\obj\main.o
 .debug_line    0x0000087d      0x4bd ..\obj\stm32f10x_rcc.o

.debug_str      0x00000000      0xb49
 .debug_str     0x00000000      0x28a ..\obj\system_stm32f10x.o
                                0x2f9 (size before relaxing)
 .debug_str     0x0000028a       0xb2 ..\obj\startup_stm32f10x_md.o
                                0x149 (size before relaxing)
 .debug_str     0x0000033c      0x3b7 ..\obj\stm32f10x_gpio.o
                                0x523 (size before relaxing)
 .debug_str     0x000006f3       0x6c ..\obj\main.o
                                0x313 (size before relaxing)
 .debug_str     0x0000075f      0x3ea ..\obj\stm32f10x_rcc.o
                                0x624 (size before relaxing)

.comment        0x00000000       0x70
 .comment       0x00000000       0x70 ..\obj\system_stm32f10x.o
                                 0x71 (size before relaxing)
 .comment       0x00000000       0x71 ..\obj\startup_stm32f10x_md.o
 .comment       0x00000000       0x71 ..\obj\stm32f10x_gpio.o
 .comment       0x00000000       0x71 ..\obj\main.o
 .comment       0x00000000       0x71 ..\obj\stm32f10x_rcc.o

.ARM.attributes
                0x00000000       0x33
 .ARM.attributes
                0x00000000       0x33 ..\obj\system_stm32f10x.o
 .ARM.attributes
                0x00000033       0x33 ..\obj\startup_stm32f10x_md.o
 .ARM.attributes
                0x00000066       0x33 ..\obj\stm32f10x_gpio.o
 .ARM.attributes
                0x00000099       0x33 ..\obj\main.o
 .ARM.attributes
                0x000000cc       0x33 ..\obj\stm32f10x_rcc.o

.debug_frame    0x00000000      0x6c8
 .debug_frame   0x00000000       0x80 ..\obj\system_stm32f10x.o
 .debug_frame   0x00000080       0x48 ..\obj\startup_stm32f10x_md.o
 .debug_frame   0x000000c8      0x210 ..\obj\stm32f10x_gpio.o
 .debug_frame   0x000002d8       0x68 ..\obj\main.o
 .debug_frame   0x00000340      0x388 ..\obj\stm32f10x_rcc.o
